﻿
> seitu-manager@1.0.34 build
> vite build

[36mvite v7.3.1 [32mbuilding client environment for production...[36m[39m
transforming...
[32mÔ£ô[39m 2416 modules transformed.
node.exe : [31mÔ£ù[39m Build failed 
in 4.90s
En línea: 1 Carácter: 1
+ & "C:\Program Files\nodejs/node.exe" 
"C:\Program Files\nodejs/node_mo ...
+ ~~~~~~~~~~~~~~~~~~~~~~~~~~~~~~~~~~~~~~
~~~~~~~~~~~~~~~~~~~~~~~~~~~~~~~
    + CategoryInfo          : NotSpecif 
   ied: ([31mÔ£ù[39m Build failed in  
   4.90s:String) [], RemoteException
    + FullyQualifiedErrorId : NativeCom 
   mandError
 
[31merror during build:
[31m[vite:prepare-out-dir] EPERM: 
operation not permitted, copyfile 'C:\Us
ers\Pc\Desktop\solar-planck\public\.git\
objects\00\4145cddf3f9db91b57b9cb596683c
8eb420862' -> 'C:\Users\Pc\Desktop\solar
-planck\dist\.git\objects\00\4145cddf3f9
db91b57b9cb596683c8eb420862'[31m
    at Object.copyFileSync 
(node:fs:3105:11)
    at copyDir (file:///C:/Users/Pc/Desk
top/solar-planck/node_modules/vite/dist/
node/chunks/config.js:2180:11)
    at copyDir (file:///C:/Users/Pc/Desk
top/solar-planck/node_modules/vite/dist/
node/chunks/config.js:2179:43)
    at copyDir (file:///C:/Users/Pc/Desk
top/solar-planck/node_modules/vite/dist/
node/chunks/config.js:2179:43)
    at copyDir (file:///C:/Users/Pc/Desk
top/solar-planck/node_modules/vite/dist/
node/chunks/config.js:2179:43)
    at prepareOutDir (file:///C:/Users/P
c/Desktop/solar-planck/node_modules/vite
/dist/node/chunks/config.js:33332:4)
    at Object.handler (file:///C:/Users/
Pc/Desktop/solar-planck/node_modules/vit
e/dist/node/chunks/config.js:33315:6)
    at Object.handler (file:///C:/Users/
Pc/Desktop/solar-planck/node_modules/vit
e/dist/node/chunks/config.js:33743:13)
    at file:///C:/Users/Pc/Desktop/solar
-planck/node_modules/rollup/dist/es/shar
ed/node-entry.js:22548:40
    at async Promise.all (index 0)[39m
